
///////////////////////////////////
// Efinity Synthesis Started 
// Aug 16, 2026 21:26:09
///////////////////////////////////


///////////////////////////////////
// Efinity Synthesis Started 
// Aug 16, 2026 21:26:57
///////////////////////////////////


///////////////////////////////////
// Efinity Synthesis Started 
// Aug 16, 2026 21:27:25
///////////////////////////////////


///////////////////////////////////
// Efinity Synthesis Started 
// Aug 16, 2026 21:27:53
///////////////////////////////////

[EFX-0256 WARNING] The primary output port 'pll_reset' wire 'pll_reset' is not driven.
[EFX-0256 WARNING] The primary output port 'PAR_CS' wire 'PAR_CS' is not driven.
[EFX-0256 WARNING] The primary output port 'PAR_CLK' wire 'PAR_CLK' is not driven.
[EFX-0256 WARNING] The primary output port 'PAR_D[3]' wire 'PAR_D[3]' is not driven.
[EFX-0256 WARNING] The primary output port 'PAR_D[2]' wire 'PAR_D[2]' is not driven.
[EFX-0256 WARNING] The primary output port 'PAR_D[1]' wire 'PAR_D[1]' is not driven.
[EFX-0256 WARNING] The primary output port 'PAR_D[0]' wire 'PAR_D[0]' is not driven.
[EFX-0256 WARNING] The primary output port 'LED[5]' wire 'LED[5]' is not driven.
[EFX-0256 WARNING] The primary output port 'LED[4]' wire 'LED[4]' is not driven.
[EFX-0256 WARNING] The primary output port 'LED[3]' wire 'LED[3]' is not driven.
[EFX-0256 WARNING] The primary output port 'LED[2]' wire 'LED[2]' is not driven.
[EFX-0256 WARNING] The primary output port 'LED[1]' wire 'LED[1]' is not driven.
[EFX-0256 WARNING] The primary output port 'CSI_MCLK' wire 'CSI_MCLK' is not driven.
[EFX-0201 WARNING] Re-wiring to GND non-driven net/port 'pll_reset' in module 't20f169_spi_debug'. (C:\Users\Dimka\Documents\fixed_transform_codic\fpga\t20f169_spi_debug\top.v:7)
[EFX-0201 WARNING] Re-wiring to GND non-driven net/port 'PAR_CS' in module 't20f169_spi_debug'. (C:\Users\Dimka\Documents\fixed_transform_codic\fpga\t20f169_spi_debug\top.v:17)
[EFX-0201 WARNING] Re-wiring to GND non-driven net/port 'PAR_CLK' in module 't20f169_spi_debug'. (C:\Users\Dimka\Documents\fixed_transform_codic\fpga\t20f169_spi_debug\top.v:18)
[EFX-0201 WARNING] Re-wiring to GND non-driven net/port 'PAR_D[3]' in module 't20f169_spi_debug'. (C:\Users\Dimka\Documents\fixed_transform_codic\fpga\t20f169_spi_debug\top.v:19)
[EFX-0201 WARNING] Re-wiring to GND non-driven net/port 'PAR_D[2]' in module 't20f169_spi_debug'. (C:\Users\Dimka\Documents\fixed_transform_codic\fpga\t20f169_spi_debug\top.v:19)
[EFX-0201 WARNING] Re-wiring to GND non-driven net/port 'PAR_D[1]' in module 't20f169_spi_debug'. (C:\Users\Dimka\Documents\fixed_transform_codic\fpga\t20f169_spi_debug\top.v:19)
[EFX-0201 WARNING] Re-wiring to GND non-driven net/port 'PAR_D[0]' in module 't20f169_spi_debug'. (C:\Users\Dimka\Documents\fixed_transform_codic\fpga\t20f169_spi_debug\top.v:19)
[EFX-0201 WARNING] Re-wiring to GND non-driven net/port 'LED[5]' in module 't20f169_spi_debug'. (C:\Users\Dimka\Documents\fixed_transform_codic\fpga\t20f169_spi_debug\top.v:21)
[EFX-0201 WARNING] Re-wiring to GND non-driven net/port 'LED[4]' in module 't20f169_spi_debug'. (C:\Users\Dimka\Documents\fixed_transform_codic\fpga\t20f169_spi_debug\top.v:21)
[EFX-0201 WARNING] Re-wiring to GND non-driven net/port 'LED[3]' in module 't20f169_spi_debug'. (C:\Users\Dimka\Documents\fixed_transform_codic\fpga\t20f169_spi_debug\top.v:21)
[EFX-0011 VERI-WARNING] Input/inout port CLK_48Mhz is unconnected. Place and route may remove this unconnected port. (VDB-8003) (C:\Users\Dimka\Documents\fixed_transform_codic\fpga\t20f169_spi_debug\top.v:5)
[EFX-0011 VERI-WARNING] Input/inout port pll_lock is unconnected. Place and route may remove this unconnected port. (VDB-8003) (C:\Users\Dimka\Documents\fixed_transform_codic\fpga\t20f169_spi_debug\top.v:8)
[EFX-0011 VERI-WARNING] Input/inout port pll_24Mhz is unconnected. Place and route may remove this unconnected port. (VDB-8003) (C:\Users\Dimka\Documents\fixed_transform_codic\fpga\t20f169_spi_debug\top.v:10)
[EFX-0011 VERI-WARNING] Input/inout port SPI_CLK is unconnected. Place and route may remove this unconnected port. (VDB-8003) (C:\Users\Dimka\Documents\fixed_transform_codic\fpga\t20f169_spi_debug\top.v:12)
[EFX-0011 VERI-WARNING] Input/inout port SPI_CS is unconnected. Place and route may remove this unconnected port. (VDB-8003) (C:\Users\Dimka\Documents\fixed_transform_codic\fpga\t20f169_spi_debug\top.v:13)
[EFX-0011 VERI-WARNING] Input/inout port SPI_MOSI is unconnected. Place and route may remove this unconnected port. (VDB-8003) (C:\Users\Dimka\Documents\fixed_transform_codic\fpga\t20f169_spi_debug\top.v:14)
[EFX-0011 VERI-WARNING] Input/inout port CSI_PCLK is unconnected. Place and route may remove this unconnected port. (VDB-8003) (C:\Users\Dimka\Documents\fixed_transform_codic\fpga\t20f169_spi_debug\top.v:25)
[EFX-0011 VERI-WARNING] Input/inout port CSI_VSYNC is unconnected. Place and route may remove this unconnected port. (VDB-8003) (C:\Users\Dimka\Documents\fixed_transform_codic\fpga\t20f169_spi_debug\top.v:26)
[EFX-0011 VERI-WARNING] Input/inout port CSI_HSYNC is unconnected. Place and route may remove this unconnected port. (VDB-8003) (C:\Users\Dimka\Documents\fixed_transform_codic\fpga\t20f169_spi_debug\top.v:27)
[EFX-0011 VERI-WARNING] Input/inout port CSI_D[7] is unconnected. Place and route may remove this unconnected port. (VDB-8003) (C:\Users\Dimka\Documents\fixed_transform_codic\fpga\t20f169_spi_debug\top.v:28)
[EFX-0011 VERI-WARNING] Found 17 warnings in the post-synthesis netlist. 

///////////////////////////////////
// Efinity Synthesis Started 
// Aug 16, 2026 21:30:25
///////////////////////////////////

[EFX-0256 WARNING] The primary output port 'pll_reset' wire 'pll_reset' is not driven.
[EFX-0256 WARNING] The primary output port 'PAR_CS' wire 'PAR_CS' is not driven.
[EFX-0256 WARNING] The primary output port 'PAR_CLK' wire 'PAR_CLK' is not driven.
[EFX-0256 WARNING] The primary output port 'PAR_D[3]' wire 'PAR_D[3]' is not driven.
[EFX-0256 WARNING] The primary output port 'PAR_D[2]' wire 'PAR_D[2]' is not driven.
[EFX-0256 WARNING] The primary output port 'PAR_D[1]' wire 'PAR_D[1]' is not driven.
[EFX-0256 WARNING] The primary output port 'PAR_D[0]' wire 'PAR_D[0]' is not driven.
[EFX-0256 WARNING] The primary output port 'LED[5]' wire 'LED[5]' is not driven.
[EFX-0256 WARNING] The primary output port 'LED[4]' wire 'LED[4]' is not driven.
[EFX-0256 WARNING] The primary output port 'LED[3]' wire 'LED[3]' is not driven.
[EFX-0256 WARNING] The primary output port 'LED[2]' wire 'LED[2]' is not driven.
[EFX-0256 WARNING] The primary output port 'LED[1]' wire 'LED[1]' is not driven.
[EFX-0256 WARNING] The primary output port 'CSI_MCLK' wire 'CSI_MCLK' is not driven.
[EFX-0201 WARNING] Re-wiring to GND non-driven net/port 'pll_reset' in module 't20f169_spi_debug'. (C:\Users\Dimka\Documents\fixed_transform_codic\fpga\t20f169_spi_debug\top.v:7)
[EFX-0201 WARNING] Re-wiring to GND non-driven net/port 'PAR_CS' in module 't20f169_spi_debug'. (C:\Users\Dimka\Documents\fixed_transform_codic\fpga\t20f169_spi_debug\top.v:17)
[EFX-0201 WARNING] Re-wiring to GND non-driven net/port 'PAR_CLK' in module 't20f169_spi_debug'. (C:\Users\Dimka\Documents\fixed_transform_codic\fpga\t20f169_spi_debug\top.v:18)
[EFX-0201 WARNING] Re-wiring to GND non-driven net/port 'PAR_D[3]' in module 't20f169_spi_debug'. (C:\Users\Dimka\Documents\fixed_transform_codic\fpga\t20f169_spi_debug\top.v:19)
[EFX-0201 WARNING] Re-wiring to GND non-driven net/port 'PAR_D[2]' in module 't20f169_spi_debug'. (C:\Users\Dimka\Documents\fixed_transform_codic\fpga\t20f169_spi_debug\top.v:19)
[EFX-0201 WARNING] Re-wiring to GND non-driven net/port 'PAR_D[1]' in module 't20f169_spi_debug'. (C:\Users\Dimka\Documents\fixed_transform_codic\fpga\t20f169_spi_debug\top.v:19)
[EFX-0201 WARNING] Re-wiring to GND non-driven net/port 'PAR_D[0]' in module 't20f169_spi_debug'. (C:\Users\Dimka\Documents\fixed_transform_codic\fpga\t20f169_spi_debug\top.v:19)
[EFX-0201 WARNING] Re-wiring to GND non-driven net/port 'LED[5]' in module 't20f169_spi_debug'. (C:\Users\Dimka\Documents\fixed_transform_codic\fpga\t20f169_spi_debug\top.v:21)
[EFX-0201 WARNING] Re-wiring to GND non-driven net/port 'LED[4]' in module 't20f169_spi_debug'. (C:\Users\Dimka\Documents\fixed_transform_codic\fpga\t20f169_spi_debug\top.v:21)
[EFX-0201 WARNING] Re-wiring to GND non-driven net/port 'LED[3]' in module 't20f169_spi_debug'. (C:\Users\Dimka\Documents\fixed_transform_codic\fpga\t20f169_spi_debug\top.v:21)
[EFX-0011 VERI-WARNING] Input/inout port CLK_48Mhz is unconnected. Place and route may remove this unconnected port. (VDB-8003) (C:\Users\Dimka\Documents\fixed_transform_codic\fpga\t20f169_spi_debug\top.v:5)
[EFX-0011 VERI-WARNING] Input/inout port pll_lock is unconnected. Place and route may remove this unconnected port. (VDB-8003) (C:\Users\Dimka\Documents\fixed_transform_codic\fpga\t20f169_spi_debug\top.v:8)
[EFX-0011 VERI-WARNING] Input/inout port pll_24Mhz is unconnected. Place and route may remove this unconnected port. (VDB-8003) (C:\Users\Dimka\Documents\fixed_transform_codic\fpga\t20f169_spi_debug\top.v:10)
[EFX-0011 VERI-WARNING] Input/inout port SPI_CLK is unconnected. Place and route may remove this unconnected port. (VDB-8003) (C:\Users\Dimka\Documents\fixed_transform_codic\fpga\t20f169_spi_debug\top.v:12)
[EFX-0011 VERI-WARNING] Input/inout port SPI_CS is unconnected. Place and route may remove this unconnected port. (VDB-8003) (C:\Users\Dimka\Documents\fixed_transform_codic\fpga\t20f169_spi_debug\top.v:13)
[EFX-0011 VERI-WARNING] Input/inout port SPI_MOSI is unconnected. Place and route may remove this unconnected port. (VDB-8003) (C:\Users\Dimka\Documents\fixed_transform_codic\fpga\t20f169_spi_debug\top.v:14)
[EFX-0011 VERI-WARNING] Input/inout port CSI_PCLK is unconnected. Place and route may remove this unconnected port. (VDB-8003) (C:\Users\Dimka\Documents\fixed_transform_codic\fpga\t20f169_spi_debug\top.v:25)
[EFX-0011 VERI-WARNING] Input/inout port CSI_VSYNC is unconnected. Place and route may remove this unconnected port. (VDB-8003) (C:\Users\Dimka\Documents\fixed_transform_codic\fpga\t20f169_spi_debug\top.v:26)
[EFX-0011 VERI-WARNING] Input/inout port CSI_HSYNC is unconnected. Place and route may remove this unconnected port. (VDB-8003) (C:\Users\Dimka\Documents\fixed_transform_codic\fpga\t20f169_spi_debug\top.v:27)
[EFX-0011 VERI-WARNING] Input/inout port CSI_D[7] is unconnected. Place and route may remove this unconnected port. (VDB-8003) (C:\Users\Dimka\Documents\fixed_transform_codic\fpga\t20f169_spi_debug\top.v:28)
[EFX-0011 VERI-WARNING] Found 17 warnings in the post-synthesis netlist. 

///////////////////////////////////
// Efinity Synthesis Started 
// Aug 16, 2026 21:32:33
///////////////////////////////////

[EFX-0256 WARNING] The primary output port 'pll_reset' wire 'pll_reset' is not driven.
[EFX-0256 WARNING] The primary output port 'PAR_CS' wire 'PAR_CS' is not driven.
[EFX-0256 WARNING] The primary output port 'PAR_CLK' wire 'PAR_CLK' is not driven.
[EFX-0256 WARNING] The primary output port 'PAR_D[3]' wire 'PAR_D[3]' is not driven.
[EFX-0256 WARNING] The primary output port 'PAR_D[2]' wire 'PAR_D[2]' is not driven.
[EFX-0256 WARNING] The primary output port 'PAR_D[1]' wire 'PAR_D[1]' is not driven.
[EFX-0256 WARNING] The primary output port 'PAR_D[0]' wire 'PAR_D[0]' is not driven.
[EFX-0256 WARNING] The primary output port 'LED[5]' wire 'LED[5]' is not driven.
[EFX-0256 WARNING] The primary output port 'LED[4]' wire 'LED[4]' is not driven.
[EFX-0256 WARNING] The primary output port 'LED[3]' wire 'LED[3]' is not driven.
[EFX-0256 WARNING] The primary output port 'LED[2]' wire 'LED[2]' is not driven.
[EFX-0256 WARNING] The primary output port 'LED[1]' wire 'LED[1]' is not driven.
[EFX-0256 WARNING] The primary output port 'CSI_MCLK' wire 'CSI_MCLK' is not driven.
[EFX-0201 WARNING] Re-wiring to GND non-driven net/port 'pll_reset' in module 't20f169_spi_debug'. (C:\Users\Dimka\Documents\fixed_transform_codic\fpga\t20f169_spi_debug\top.v:7)
[EFX-0201 WARNING] Re-wiring to GND non-driven net/port 'PAR_CS' in module 't20f169_spi_debug'. (C:\Users\Dimka\Documents\fixed_transform_codic\fpga\t20f169_spi_debug\top.v:17)
[EFX-0201 WARNING] Re-wiring to GND non-driven net/port 'PAR_CLK' in module 't20f169_spi_debug'. (C:\Users\Dimka\Documents\fixed_transform_codic\fpga\t20f169_spi_debug\top.v:18)
[EFX-0201 WARNING] Re-wiring to GND non-driven net/port 'PAR_D[3]' in module 't20f169_spi_debug'. (C:\Users\Dimka\Documents\fixed_transform_codic\fpga\t20f169_spi_debug\top.v:19)
[EFX-0201 WARNING] Re-wiring to GND non-driven net/port 'PAR_D[2]' in module 't20f169_spi_debug'. (C:\Users\Dimka\Documents\fixed_transform_codic\fpga\t20f169_spi_debug\top.v:19)
[EFX-0201 WARNING] Re-wiring to GND non-driven net/port 'PAR_D[1]' in module 't20f169_spi_debug'. (C:\Users\Dimka\Documents\fixed_transform_codic\fpga\t20f169_spi_debug\top.v:19)
[EFX-0201 WARNING] Re-wiring to GND non-driven net/port 'PAR_D[0]' in module 't20f169_spi_debug'. (C:\Users\Dimka\Documents\fixed_transform_codic\fpga\t20f169_spi_debug\top.v:19)
[EFX-0201 WARNING] Re-wiring to GND non-driven net/port 'LED[5]' in module 't20f169_spi_debug'. (C:\Users\Dimka\Documents\fixed_transform_codic\fpga\t20f169_spi_debug\top.v:21)
[EFX-0201 WARNING] Re-wiring to GND non-driven net/port 'LED[4]' in module 't20f169_spi_debug'. (C:\Users\Dimka\Documents\fixed_transform_codic\fpga\t20f169_spi_debug\top.v:21)
[EFX-0201 WARNING] Re-wiring to GND non-driven net/port 'LED[3]' in module 't20f169_spi_debug'. (C:\Users\Dimka\Documents\fixed_transform_codic\fpga\t20f169_spi_debug\top.v:21)
[EFX-0011 VERI-WARNING] Input/inout port CLK_48Mhz is unconnected. Place and route may remove this unconnected port. (VDB-8003) (C:\Users\Dimka\Documents\fixed_transform_codic\fpga\t20f169_spi_debug\top.v:5)
[EFX-0011 VERI-WARNING] Input/inout port pll_lock is unconnected. Place and route may remove this unconnected port. (VDB-8003) (C:\Users\Dimka\Documents\fixed_transform_codic\fpga\t20f169_spi_debug\top.v:8)
[EFX-0011 VERI-WARNING] Input/inout port pll_24Mhz is unconnected. Place and route may remove this unconnected port. (VDB-8003) (C:\Users\Dimka\Documents\fixed_transform_codic\fpga\t20f169_spi_debug\top.v:10)
[EFX-0011 VERI-WARNING] Input/inout port SPI_CLK is unconnected. Place and route may remove this unconnected port. (VDB-8003) (C:\Users\Dimka\Documents\fixed_transform_codic\fpga\t20f169_spi_debug\top.v:12)
[EFX-0011 VERI-WARNING] Input/inout port SPI_CS is unconnected. Place and route may remove this unconnected port. (VDB-8003) (C:\Users\Dimka\Documents\fixed_transform_codic\fpga\t20f169_spi_debug\top.v:13)
[EFX-0011 VERI-WARNING] Input/inout port SPI_MOSI is unconnected. Place and route may remove this unconnected port. (VDB-8003) (C:\Users\Dimka\Documents\fixed_transform_codic\fpga\t20f169_spi_debug\top.v:14)
[EFX-0011 VERI-WARNING] Input/inout port CSI_PCLK is unconnected. Place and route may remove this unconnected port. (VDB-8003) (C:\Users\Dimka\Documents\fixed_transform_codic\fpga\t20f169_spi_debug\top.v:25)
[EFX-0011 VERI-WARNING] Input/inout port CSI_VSYNC is unconnected. Place and route may remove this unconnected port. (VDB-8003) (C:\Users\Dimka\Documents\fixed_transform_codic\fpga\t20f169_spi_debug\top.v:26)
[EFX-0011 VERI-WARNING] Input/inout port CSI_HSYNC is unconnected. Place and route may remove this unconnected port. (VDB-8003) (C:\Users\Dimka\Documents\fixed_transform_codic\fpga\t20f169_spi_debug\top.v:27)
[EFX-0011 VERI-WARNING] Input/inout port CSI_D[7] is unconnected. Place and route may remove this unconnected port. (VDB-8003) (C:\Users\Dimka\Documents\fixed_transform_codic\fpga\t20f169_spi_debug\top.v:28)
[EFX-0011 VERI-WARNING] Found 17 warnings in the post-synthesis netlist. 

///////////////////////////////////
// Efinity Synthesis Started 
// Aug 16, 2026 21:36:30
///////////////////////////////////

[EFX-0256 WARNING] The primary output port 'pll_reset' wire 'pll_reset' is not driven.
[EFX-0256 WARNING] The primary output port 'PAR_CS' wire 'PAR_CS' is not driven.
[EFX-0256 WARNING] The primary output port 'PAR_CLK' wire 'PAR_CLK' is not driven.
[EFX-0256 WARNING] The primary output port 'PAR_D[3]' wire 'PAR_D[3]' is not driven.
[EFX-0256 WARNING] The primary output port 'PAR_D[2]' wire 'PAR_D[2]' is not driven.
[EFX-0256 WARNING] The primary output port 'PAR_D[1]' wire 'PAR_D[1]' is not driven.
[EFX-0256 WARNING] The primary output port 'PAR_D[0]' wire 'PAR_D[0]' is not driven.
[EFX-0256 WARNING] The primary output port 'LED[5]' wire 'LED[5]' is not driven.
[EFX-0256 WARNING] The primary output port 'LED[4]' wire 'LED[4]' is not driven.
[EFX-0256 WARNING] The primary output port 'LED[3]' wire 'LED[3]' is not driven.
[EFX-0256 WARNING] The primary output port 'LED[2]' wire 'LED[2]' is not driven.
[EFX-0256 WARNING] The primary output port 'LED[1]' wire 'LED[1]' is not driven.
[EFX-0256 WARNING] The primary output port 'CSI_MCLK' wire 'CSI_MCLK' is not driven.
[EFX-0201 WARNING] Re-wiring to GND non-driven net/port 'pll_reset' in module 't20f169_spi_debug'. (C:\Users\Dimka\Documents\fixed_transform_codic\fpga\t20f169_spi_debug\top.v:7)
[EFX-0201 WARNING] Re-wiring to GND non-driven net/port 'PAR_CS' in module 't20f169_spi_debug'. (C:\Users\Dimka\Documents\fixed_transform_codic\fpga\t20f169_spi_debug\top.v:17)
[EFX-0201 WARNING] Re-wiring to GND non-driven net/port 'PAR_CLK' in module 't20f169_spi_debug'. (C:\Users\Dimka\Documents\fixed_transform_codic\fpga\t20f169_spi_debug\top.v:18)
[EFX-0201 WARNING] Re-wiring to GND non-driven net/port 'PAR_D[3]' in module 't20f169_spi_debug'. (C:\Users\Dimka\Documents\fixed_transform_codic\fpga\t20f169_spi_debug\top.v:19)
[EFX-0201 WARNING] Re-wiring to GND non-driven net/port 'PAR_D[2]' in module 't20f169_spi_debug'. (C:\Users\Dimka\Documents\fixed_transform_codic\fpga\t20f169_spi_debug\top.v:19)
[EFX-0201 WARNING] Re-wiring to GND non-driven net/port 'PAR_D[1]' in module 't20f169_spi_debug'. (C:\Users\Dimka\Documents\fixed_transform_codic\fpga\t20f169_spi_debug\top.v:19)
[EFX-0201 WARNING] Re-wiring to GND non-driven net/port 'PAR_D[0]' in module 't20f169_spi_debug'. (C:\Users\Dimka\Documents\fixed_transform_codic\fpga\t20f169_spi_debug\top.v:19)
[EFX-0201 WARNING] Re-wiring to GND non-driven net/port 'LED[5]' in module 't20f169_spi_debug'. (C:\Users\Dimka\Documents\fixed_transform_codic\fpga\t20f169_spi_debug\top.v:21)
[EFX-0201 WARNING] Re-wiring to GND non-driven net/port 'LED[4]' in module 't20f169_spi_debug'. (C:\Users\Dimka\Documents\fixed_transform_codic\fpga\t20f169_spi_debug\top.v:21)
[EFX-0201 WARNING] Re-wiring to GND non-driven net/port 'LED[3]' in module 't20f169_spi_debug'. (C:\Users\Dimka\Documents\fixed_transform_codic\fpga\t20f169_spi_debug\top.v:21)
[EFX-0011 VERI-WARNING] Input/inout port CLK_48Mhz is unconnected. Place and route may remove this unconnected port. (VDB-8003) (C:\Users\Dimka\Documents\fixed_transform_codic\fpga\t20f169_spi_debug\top.v:5)
[EFX-0011 VERI-WARNING] Input/inout port pll_lock is unconnected. Place and route may remove this unconnected port. (VDB-8003) (C:\Users\Dimka\Documents\fixed_transform_codic\fpga\t20f169_spi_debug\top.v:8)
[EFX-0011 VERI-WARNING] Input/inout port pll_24Mhz is unconnected. Place and route may remove this unconnected port. (VDB-8003) (C:\Users\Dimka\Documents\fixed_transform_codic\fpga\t20f169_spi_debug\top.v:10)
[EFX-0011 VERI-WARNING] Input/inout port SPI_CLK is unconnected. Place and route may remove this unconnected port. (VDB-8003) (C:\Users\Dimka\Documents\fixed_transform_codic\fpga\t20f169_spi_debug\top.v:12)
[EFX-0011 VERI-WARNING] Input/inout port SPI_CS is unconnected. Place and route may remove this unconnected port. (VDB-8003) (C:\Users\Dimka\Documents\fixed_transform_codic\fpga\t20f169_spi_debug\top.v:13)
[EFX-0011 VERI-WARNING] Input/inout port SPI_MOSI is unconnected. Place and route may remove this unconnected port. (VDB-8003) (C:\Users\Dimka\Documents\fixed_transform_codic\fpga\t20f169_spi_debug\top.v:14)
[EFX-0011 VERI-WARNING] Input/inout port CSI_PCLK is unconnected. Place and route may remove this unconnected port. (VDB-8003) (C:\Users\Dimka\Documents\fixed_transform_codic\fpga\t20f169_spi_debug\top.v:25)
[EFX-0011 VERI-WARNING] Input/inout port CSI_VSYNC is unconnected. Place and route may remove this unconnected port. (VDB-8003) (C:\Users\Dimka\Documents\fixed_transform_codic\fpga\t20f169_spi_debug\top.v:26)
[EFX-0011 VERI-WARNING] Input/inout port CSI_HSYNC is unconnected. Place and route may remove this unconnected port. (VDB-8003) (C:\Users\Dimka\Documents\fixed_transform_codic\fpga\t20f169_spi_debug\top.v:27)
[EFX-0011 VERI-WARNING] Input/inout port CSI_D[7] is unconnected. Place and route may remove this unconnected port. (VDB-8003) (C:\Users\Dimka\Documents\fixed_transform_codic\fpga\t20f169_spi_debug\top.v:28)
[EFX-0011 VERI-WARNING] Found 17 warnings in the post-synthesis netlist. 
