
///////////////////////////////////
// Efinity Synthesis Started 
// Aug 16, 2026 21:26:09
///////////////////////////////////

[EFX-0012 VERI-INFO] default VHDL library search path is now "C:/Efinity/2026.1/sim_models/vhdl/packages/vhdl_2008" (VHDL-1504) 
[EFX-0010 VERI-ERROR] 'clk_48m' is not declared (VERI-1128) (C:\Users\Dimka\Documents\fixed_transform_codic\fpga\t20f169_spi_debug\top.v:35)
[EFX-0010 VERI-ERROR] 'rst_n' is not declared (VERI-1128) (C:\Users\Dimka\Documents\fixed_transform_codic\fpga\t20f169_spi_debug\top.v:36)
[EFX-0010 VERI-ERROR] assignment to input 'SPI_MOSI' (VERI-1214) (C:\Users\Dimka\Documents\fixed_transform_codic\fpga\t20f169_spi_debug\top.v:43)
[EFX-0010 VERI-ERROR] module 't1' is ignored due to previous errors (VERI-1072) (C:\Users\Dimka\Documents\fixed_transform_codic\fpga\t20f169_spi_debug\top.v:45)

///////////////////////////////////
// Efinity Synthesis Started 
// Aug 16, 2026 21:26:57
///////////////////////////////////

[EFX-0012 VERI-INFO] default VHDL library search path is now "C:/Efinity/2026.1/sim_models/vhdl/packages/vhdl_2008" (VHDL-1504) 
[EFX-0010 VERI-ERROR] assignment to input 'SPI_MOSI' (VERI-1214) (C:\Users\Dimka\Documents\fixed_transform_codic\fpga\t20f169_spi_debug\top.v:40)
[EFX-0010 VERI-ERROR] module 't1' is ignored due to previous errors (VERI-1072) (C:\Users\Dimka\Documents\fixed_transform_codic\fpga\t20f169_spi_debug\top.v:42)

///////////////////////////////////
// Efinity Synthesis Started 
// Aug 16, 2026 21:27:25
///////////////////////////////////

[EFX-0012 VERI-INFO] default VHDL library search path is now "C:/Efinity/2026.1/sim_models/vhdl/packages/vhdl_2008" (VHDL-1504) 
[EFX-0010 VERI-ERROR] assignment to input 'SPI_MOSI' (VERI-1214) (C:\Users\Dimka\Documents\fixed_transform_codic\fpga\t20f169_spi_debug\top.v:40)
[EFX-0010 VERI-ERROR] module 't20f169_spi_debug' is ignored due to previous errors (VERI-1072) (C:\Users\Dimka\Documents\fixed_transform_codic\fpga\t20f169_spi_debug\top.v:42)

///////////////////////////////////
// Efinity Synthesis Started 
// Aug 16, 2026 21:27:53
///////////////////////////////////

[EFX-0012 VERI-INFO] default VHDL library search path is now "C:/Efinity/2026.1/sim_models/vhdl/packages/vhdl_2008" (VHDL-1504) 
[EFX-0012 VERI-INFO] compiling module 't20f169_spi_debug' (VERI-1018) (C:\Users\Dimka\Documents\fixed_transform_codic\fpga\t20f169_spi_debug\top.v:3)
[EFX-0000 INFO] ... Setting Synthesis Option: mode=speed
[EFX-0000 INFO] ... Pre-synthesis checks begin
[EFX-0256 WARNING] The primary output port 'pll_reset' wire 'pll_reset' is not driven.
[EFX-0256 WARNING] The primary output port 'PAR_CS' wire 'PAR_CS' is not driven.
[EFX-0256 WARNING] The primary output port 'PAR_CLK' wire 'PAR_CLK' is not driven.
[EFX-0256 WARNING] The primary output port 'PAR_D[3]' wire 'PAR_D[3]' is not driven.
[EFX-0256 WARNING] The primary output port 'PAR_D[2]' wire 'PAR_D[2]' is not driven.
[EFX-0256 WARNING] The primary output port 'PAR_D[1]' wire 'PAR_D[1]' is not driven.
[EFX-0256 WARNING] The primary output port 'PAR_D[0]' wire 'PAR_D[0]' is not driven.
[EFX-0256 WARNING] The primary output port 'LED[5]' wire 'LED[5]' is not driven.
[EFX-0256 WARNING] The primary output port 'LED[4]' wire 'LED[4]' is not driven.
[EFX-0256 WARNING] The primary output port 'LED[3]' wire 'LED[3]' is not driven.
[EFX-0256 WARNING] The primary output port 'LED[2]' wire 'LED[2]' is not driven.
[EFX-0256 WARNING] The primary output port 'LED[1]' wire 'LED[1]' is not driven.
[EFX-0256 WARNING] The primary output port 'CSI_MCLK' wire 'CSI_MCLK' is not driven.
[EFX-0201 WARNING] Re-wiring to GND non-driven net/port 'pll_reset' in module 't20f169_spi_debug'. (C:\Users\Dimka\Documents\fixed_transform_codic\fpga\t20f169_spi_debug\top.v:7)
[EFX-0201 WARNING] Re-wiring to GND non-driven net/port 'PAR_CS' in module 't20f169_spi_debug'. (C:\Users\Dimka\Documents\fixed_transform_codic\fpga\t20f169_spi_debug\top.v:17)
[EFX-0201 WARNING] Re-wiring to GND non-driven net/port 'PAR_CLK' in module 't20f169_spi_debug'. (C:\Users\Dimka\Documents\fixed_transform_codic\fpga\t20f169_spi_debug\top.v:18)
[EFX-0201 WARNING] Re-wiring to GND non-driven net/port 'PAR_D[3]' in module 't20f169_spi_debug'. (C:\Users\Dimka\Documents\fixed_transform_codic\fpga\t20f169_spi_debug\top.v:19)
[EFX-0201 WARNING] Re-wiring to GND non-driven net/port 'PAR_D[2]' in module 't20f169_spi_debug'. (C:\Users\Dimka\Documents\fixed_transform_codic\fpga\t20f169_spi_debug\top.v:19)
[EFX-0201 WARNING] Re-wiring to GND non-driven net/port 'PAR_D[1]' in module 't20f169_spi_debug'. (C:\Users\Dimka\Documents\fixed_transform_codic\fpga\t20f169_spi_debug\top.v:19)
[EFX-0201 WARNING] Re-wiring to GND non-driven net/port 'PAR_D[0]' in module 't20f169_spi_debug'. (C:\Users\Dimka\Documents\fixed_transform_codic\fpga\t20f169_spi_debug\top.v:19)
[EFX-0201 WARNING] Re-wiring to GND non-driven net/port 'LED[5]' in module 't20f169_spi_debug'. (C:\Users\Dimka\Documents\fixed_transform_codic\fpga\t20f169_spi_debug\top.v:21)
[EFX-0201 WARNING] Re-wiring to GND non-driven net/port 'LED[4]' in module 't20f169_spi_debug'. (C:\Users\Dimka\Documents\fixed_transform_codic\fpga\t20f169_spi_debug\top.v:21)
[EFX-0201 WARNING] Re-wiring to GND non-driven net/port 'LED[3]' in module 't20f169_spi_debug'. (C:\Users\Dimka\Documents\fixed_transform_codic\fpga\t20f169_spi_debug\top.v:21)
[EFX-0000 INFO] ... Pre-synthesis checks end (Real time : 0s)
[EFX-0000 INFO] ... NameSpace init begin
[EFX-0000 INFO] ... NameSpace init end (Real time : 0s)
[EFX-0000 INFO] ... Mapping design "t20f169_spi_debug"
[EFX-0000 INFO] ... Hierarchical pre-synthesis "t20f169_spi_debug" begin
[EFX-0000 INFO] ... Hierarchical pre-synthesis "t20f169_spi_debug" end (Real time : 0s)
[EFX-0000 INFO] ... Flat optimizations begin
[EFX-0000 INFO] ... Flat optimizations end (Real time : 0s)
[EFX-0000 INFO] ... Flat synthesis begin
[EFX-0000 INFO] ... Flat synthesis end (Real time : 0s)
[EFX-0000 INFO] ... Flat optimizations begin
[EFX-0000 INFO] ... Flat optimizations end (Real time : 0s)
[EFX-0000 INFO] ... Check and break combinational loops begin
[EFX-0000 INFO] ... Check and break combinational loops end (Real time : 0s)
[EFX-0000 INFO] ... Sequential Optimization begin
[EFX-0000 INFO] ... Clock Network 'pll_150Mhz' with 26 loads will be considered for sequential optimization.
[EFX-0000 INFO] ... Sequential Optimization deduced 0 equivalent points.
[EFX-0000 INFO] ... Sequential Optimization end (Real time : 1s)
[EFX-0000 INFO] ... Setup for logic synthesis begin
[EFX-0000 INFO] ... Setup for logic synthesis end (Real time : 0s)
[EFX-0000 INFO] ... LUT mapping begin
[EFX-0000 INFO] ... LS, strategy: 3, nd: 0, ed: 0, lv: 1, pw: 40.42
[EFX-0000 INFO] ... LUT mapping end (Real time : 0s)
[EFX-0000 INFO] ... Post-synthesis Verific netlist creation begin
[EFX-0000 INFO] ... Post-synthesis Verific netlist creation end (Real time : 0s)
[EFX-0000 INFO] ... Postmap Retiming Optimization begin
[EFX-0000 INFO] ... Using advanced retiming technique.
[EFX-0000 INFO] ... Clock Network 'pll_150Mhz~pll_150Mhz' with 26 loads will be considered for retiming optimization.
[EFX-0000 INFO] ... Performed 0 retime moves.
[EFX-0000 INFO] ... Postmap Retiming Optimization end (Real time : 0s)
[EFX-0011 VERI-WARNING] Input/inout port CLK_48Mhz is unconnected. Place and route may remove this unconnected port. (VDB-8003) (C:\Users\Dimka\Documents\fixed_transform_codic\fpga\t20f169_spi_debug\top.v:5)
[EFX-0011 VERI-WARNING] Input/inout port pll_lock is unconnected. Place and route may remove this unconnected port. (VDB-8003) (C:\Users\Dimka\Documents\fixed_transform_codic\fpga\t20f169_spi_debug\top.v:8)
[EFX-0011 VERI-WARNING] Input/inout port pll_24Mhz is unconnected. Place and route may remove this unconnected port. (VDB-8003) (C:\Users\Dimka\Documents\fixed_transform_codic\fpga\t20f169_spi_debug\top.v:10)
[EFX-0011 VERI-WARNING] Input/inout port SPI_CLK is unconnected. Place and route may remove this unconnected port. (VDB-8003) (C:\Users\Dimka\Documents\fixed_transform_codic\fpga\t20f169_spi_debug\top.v:12)
[EFX-0011 VERI-WARNING] Input/inout port SPI_CS is unconnected. Place and route may remove this unconnected port. (VDB-8003) (C:\Users\Dimka\Documents\fixed_transform_codic\fpga\t20f169_spi_debug\top.v:13)
[EFX-0011 VERI-WARNING] Input/inout port SPI_MOSI is unconnected. Place and route may remove this unconnected port. (VDB-8003) (C:\Users\Dimka\Documents\fixed_transform_codic\fpga\t20f169_spi_debug\top.v:14)
[EFX-0011 VERI-WARNING] Input/inout port CSI_PCLK is unconnected. Place and route may remove this unconnected port. (VDB-8003) (C:\Users\Dimka\Documents\fixed_transform_codic\fpga\t20f169_spi_debug\top.v:25)
[EFX-0011 VERI-WARNING] Input/inout port CSI_VSYNC is unconnected. Place and route may remove this unconnected port. (VDB-8003) (C:\Users\Dimka\Documents\fixed_transform_codic\fpga\t20f169_spi_debug\top.v:26)
[EFX-0011 VERI-WARNING] Input/inout port CSI_HSYNC is unconnected. Place and route may remove this unconnected port. (VDB-8003) (C:\Users\Dimka\Documents\fixed_transform_codic\fpga\t20f169_spi_debug\top.v:27)
[EFX-0011 VERI-WARNING] Input/inout port CSI_D[7] is unconnected. Place and route may remove this unconnected port. (VDB-8003) (C:\Users\Dimka\Documents\fixed_transform_codic\fpga\t20f169_spi_debug\top.v:28)
[EFX-0011 VERI-WARNING] Found 17 warnings in the post-synthesis netlist. 
[EFX-0000 INFO] Resource Summary 
[EFX-0000 INFO] ======================================= 
[EFX-0000 INFO] EFX_ADD                 : 	24
[EFX-0000 INFO] EFX_FF                  : 	25
[EFX-0000 INFO] EFX_GBUFCE              : 	1
[EFX-0000 INFO] ======================================= 
[EFX-0000 INFO] ... Post-Map Verilog Writer begin
[EFX-0000 INFO] ... Post-Map Verilog Writer end (Real time : 0s)

///////////////////////////////////
// Efinity Synthesis Started 
// Aug 16, 2026 21:30:25
///////////////////////////////////

[EFX-0012 VERI-INFO] default VHDL library search path is now "C:/Efinity/2026.1/sim_models/vhdl/packages/vhdl_2008" (VHDL-1504) 
[EFX-0012 VERI-INFO] compiling module 't20f169_spi_debug' (VERI-1018) (C:\Users\Dimka\Documents\fixed_transform_codic\fpga\t20f169_spi_debug\top.v:3)
[EFX-0000 INFO] ... Setting Synthesis Option: mode=speed
[EFX-0000 INFO] ... Pre-synthesis checks begin
[EFX-0256 WARNING] The primary output port 'pll_reset' wire 'pll_reset' is not driven.
[EFX-0256 WARNING] The primary output port 'PAR_CS' wire 'PAR_CS' is not driven.
[EFX-0256 WARNING] The primary output port 'PAR_CLK' wire 'PAR_CLK' is not driven.
[EFX-0256 WARNING] The primary output port 'PAR_D[3]' wire 'PAR_D[3]' is not driven.
[EFX-0256 WARNING] The primary output port 'PAR_D[2]' wire 'PAR_D[2]' is not driven.
[EFX-0256 WARNING] The primary output port 'PAR_D[1]' wire 'PAR_D[1]' is not driven.
[EFX-0256 WARNING] The primary output port 'PAR_D[0]' wire 'PAR_D[0]' is not driven.
[EFX-0256 WARNING] The primary output port 'LED[5]' wire 'LED[5]' is not driven.
[EFX-0256 WARNING] The primary output port 'LED[4]' wire 'LED[4]' is not driven.
[EFX-0256 WARNING] The primary output port 'LED[3]' wire 'LED[3]' is not driven.
[EFX-0256 WARNING] The primary output port 'LED[2]' wire 'LED[2]' is not driven.
[EFX-0256 WARNING] The primary output port 'LED[1]' wire 'LED[1]' is not driven.
[EFX-0256 WARNING] The primary output port 'CSI_MCLK' wire 'CSI_MCLK' is not driven.
[EFX-0201 WARNING] Re-wiring to GND non-driven net/port 'pll_reset' in module 't20f169_spi_debug'. (C:\Users\Dimka\Documents\fixed_transform_codic\fpga\t20f169_spi_debug\top.v:7)
[EFX-0201 WARNING] Re-wiring to GND non-driven net/port 'PAR_CS' in module 't20f169_spi_debug'. (C:\Users\Dimka\Documents\fixed_transform_codic\fpga\t20f169_spi_debug\top.v:17)
[EFX-0201 WARNING] Re-wiring to GND non-driven net/port 'PAR_CLK' in module 't20f169_spi_debug'. (C:\Users\Dimka\Documents\fixed_transform_codic\fpga\t20f169_spi_debug\top.v:18)
[EFX-0201 WARNING] Re-wiring to GND non-driven net/port 'PAR_D[3]' in module 't20f169_spi_debug'. (C:\Users\Dimka\Documents\fixed_transform_codic\fpga\t20f169_spi_debug\top.v:19)
[EFX-0201 WARNING] Re-wiring to GND non-driven net/port 'PAR_D[2]' in module 't20f169_spi_debug'. (C:\Users\Dimka\Documents\fixed_transform_codic\fpga\t20f169_spi_debug\top.v:19)
[EFX-0201 WARNING] Re-wiring to GND non-driven net/port 'PAR_D[1]' in module 't20f169_spi_debug'. (C:\Users\Dimka\Documents\fixed_transform_codic\fpga\t20f169_spi_debug\top.v:19)
[EFX-0201 WARNING] Re-wiring to GND non-driven net/port 'PAR_D[0]' in module 't20f169_spi_debug'. (C:\Users\Dimka\Documents\fixed_transform_codic\fpga\t20f169_spi_debug\top.v:19)
[EFX-0201 WARNING] Re-wiring to GND non-driven net/port 'LED[5]' in module 't20f169_spi_debug'. (C:\Users\Dimka\Documents\fixed_transform_codic\fpga\t20f169_spi_debug\top.v:21)
[EFX-0201 WARNING] Re-wiring to GND non-driven net/port 'LED[4]' in module 't20f169_spi_debug'. (C:\Users\Dimka\Documents\fixed_transform_codic\fpga\t20f169_spi_debug\top.v:21)
[EFX-0201 WARNING] Re-wiring to GND non-driven net/port 'LED[3]' in module 't20f169_spi_debug'. (C:\Users\Dimka\Documents\fixed_transform_codic\fpga\t20f169_spi_debug\top.v:21)
[EFX-0000 INFO] ... Pre-synthesis checks end (Real time : 0s)
[EFX-0000 INFO] ... NameSpace init begin
[EFX-0000 INFO] ... NameSpace init end (Real time : 0s)
[EFX-0000 INFO] ... Mapping design "t20f169_spi_debug"
[EFX-0000 INFO] ... Hierarchical pre-synthesis "t20f169_spi_debug" begin
[EFX-0000 INFO] ... Hierarchical pre-synthesis "t20f169_spi_debug" end (Real time : 0s)
[EFX-0000 INFO] ... Flat optimizations begin
[EFX-0000 INFO] ... Flat optimizations end (Real time : 0s)
[EFX-0000 INFO] ... Flat synthesis begin
[EFX-0000 INFO] ... Flat synthesis end (Real time : 0s)
[EFX-0000 INFO] ... Flat optimizations begin
[EFX-0000 INFO] ... Flat optimizations end (Real time : 0s)
[EFX-0000 INFO] ... Check and break combinational loops begin
[EFX-0000 INFO] ... Check and break combinational loops end (Real time : 0s)
[EFX-0000 INFO] ... Sequential Optimization begin
[EFX-0000 INFO] ... Clock Network 'pll_150Mhz' with 26 loads will be considered for sequential optimization.
[EFX-0000 INFO] ... Sequential Optimization deduced 0 equivalent points.
[EFX-0000 INFO] ... Sequential Optimization end (Real time : 0s)
[EFX-0000 INFO] ... Setup for logic synthesis begin
[EFX-0000 INFO] ... Setup for logic synthesis end (Real time : 0s)
[EFX-0000 INFO] ... LUT mapping begin
[EFX-0000 INFO] ... LS, strategy: 3, nd: 0, ed: 0, lv: 1, pw: 40.42
[EFX-0000 INFO] ... LUT mapping end (Real time : 0s)
[EFX-0000 INFO] ... Post-synthesis Verific netlist creation begin
[EFX-0000 INFO] ... Post-synthesis Verific netlist creation end (Real time : 0s)
[EFX-0000 INFO] ... Postmap Retiming Optimization begin
[EFX-0000 INFO] ... Using advanced retiming technique.
[EFX-0000 INFO] ... Clock Network 'pll_150Mhz~pll_150Mhz' with 26 loads will be considered for retiming optimization.
[EFX-0000 INFO] ... Performed 0 retime moves.
[EFX-0000 INFO] ... Postmap Retiming Optimization end (Real time : 0s)
[EFX-0011 VERI-WARNING] Input/inout port CLK_48Mhz is unconnected. Place and route may remove this unconnected port. (VDB-8003) (C:\Users\Dimka\Documents\fixed_transform_codic\fpga\t20f169_spi_debug\top.v:5)
[EFX-0011 VERI-WARNING] Input/inout port pll_lock is unconnected. Place and route may remove this unconnected port. (VDB-8003) (C:\Users\Dimka\Documents\fixed_transform_codic\fpga\t20f169_spi_debug\top.v:8)
[EFX-0011 VERI-WARNING] Input/inout port pll_24Mhz is unconnected. Place and route may remove this unconnected port. (VDB-8003) (C:\Users\Dimka\Documents\fixed_transform_codic\fpga\t20f169_spi_debug\top.v:10)
[EFX-0011 VERI-WARNING] Input/inout port SPI_CLK is unconnected. Place and route may remove this unconnected port. (VDB-8003) (C:\Users\Dimka\Documents\fixed_transform_codic\fpga\t20f169_spi_debug\top.v:12)
[EFX-0011 VERI-WARNING] Input/inout port SPI_CS is unconnected. Place and route may remove this unconnected port. (VDB-8003) (C:\Users\Dimka\Documents\fixed_transform_codic\fpga\t20f169_spi_debug\top.v:13)
[EFX-0011 VERI-WARNING] Input/inout port SPI_MOSI is unconnected. Place and route may remove this unconnected port. (VDB-8003) (C:\Users\Dimka\Documents\fixed_transform_codic\fpga\t20f169_spi_debug\top.v:14)
[EFX-0011 VERI-WARNING] Input/inout port CSI_PCLK is unconnected. Place and route may remove this unconnected port. (VDB-8003) (C:\Users\Dimka\Documents\fixed_transform_codic\fpga\t20f169_spi_debug\top.v:25)
[EFX-0011 VERI-WARNING] Input/inout port CSI_VSYNC is unconnected. Place and route may remove this unconnected port. (VDB-8003) (C:\Users\Dimka\Documents\fixed_transform_codic\fpga\t20f169_spi_debug\top.v:26)
[EFX-0011 VERI-WARNING] Input/inout port CSI_HSYNC is unconnected. Place and route may remove this unconnected port. (VDB-8003) (C:\Users\Dimka\Documents\fixed_transform_codic\fpga\t20f169_spi_debug\top.v:27)
[EFX-0011 VERI-WARNING] Input/inout port CSI_D[7] is unconnected. Place and route may remove this unconnected port. (VDB-8003) (C:\Users\Dimka\Documents\fixed_transform_codic\fpga\t20f169_spi_debug\top.v:28)
[EFX-0011 VERI-WARNING] Found 17 warnings in the post-synthesis netlist. 
[EFX-0000 INFO] Resource Summary 
[EFX-0000 INFO] ======================================= 
[EFX-0000 INFO] EFX_ADD                 : 	24
[EFX-0000 INFO] EFX_FF                  : 	25
[EFX-0000 INFO] EFX_GBUFCE              : 	1
[EFX-0000 INFO] ======================================= 
[EFX-0000 INFO] ... Post-Map Verilog Writer begin
[EFX-0000 INFO] ... Post-Map Verilog Writer end (Real time : 0s)

///////////////////////////////////
// Efinity Synthesis Started 
// Aug 16, 2026 21:32:33
///////////////////////////////////

[EFX-0012 VERI-INFO] default VHDL library search path is now "C:/Efinity/2026.1/sim_models/vhdl/packages/vhdl_2008" (VHDL-1504) 
[EFX-0012 VERI-INFO] compiling module 't20f169_spi_debug' (VERI-1018) (C:\Users\Dimka\Documents\fixed_transform_codic\fpga\t20f169_spi_debug\top.v:3)
[EFX-0000 INFO] ... Setting Synthesis Option: mode=speed
[EFX-0000 INFO] ... Pre-synthesis checks begin
[EFX-0256 WARNING] The primary output port 'pll_reset' wire 'pll_reset' is not driven.
[EFX-0256 WARNING] The primary output port 'PAR_CS' wire 'PAR_CS' is not driven.
[EFX-0256 WARNING] The primary output port 'PAR_CLK' wire 'PAR_CLK' is not driven.
[EFX-0256 WARNING] The primary output port 'PAR_D[3]' wire 'PAR_D[3]' is not driven.
[EFX-0256 WARNING] The primary output port 'PAR_D[2]' wire 'PAR_D[2]' is not driven.
[EFX-0256 WARNING] The primary output port 'PAR_D[1]' wire 'PAR_D[1]' is not driven.
[EFX-0256 WARNING] The primary output port 'PAR_D[0]' wire 'PAR_D[0]' is not driven.
[EFX-0256 WARNING] The primary output port 'LED[5]' wire 'LED[5]' is not driven.
[EFX-0256 WARNING] The primary output port 'LED[4]' wire 'LED[4]' is not driven.
[EFX-0256 WARNING] The primary output port 'LED[3]' wire 'LED[3]' is not driven.
[EFX-0256 WARNING] The primary output port 'LED[2]' wire 'LED[2]' is not driven.
[EFX-0256 WARNING] The primary output port 'LED[1]' wire 'LED[1]' is not driven.
[EFX-0256 WARNING] The primary output port 'CSI_MCLK' wire 'CSI_MCLK' is not driven.
[EFX-0201 WARNING] Re-wiring to GND non-driven net/port 'pll_reset' in module 't20f169_spi_debug'. (C:\Users\Dimka\Documents\fixed_transform_codic\fpga\t20f169_spi_debug\top.v:7)
[EFX-0201 WARNING] Re-wiring to GND non-driven net/port 'PAR_CS' in module 't20f169_spi_debug'. (C:\Users\Dimka\Documents\fixed_transform_codic\fpga\t20f169_spi_debug\top.v:17)
[EFX-0201 WARNING] Re-wiring to GND non-driven net/port 'PAR_CLK' in module 't20f169_spi_debug'. (C:\Users\Dimka\Documents\fixed_transform_codic\fpga\t20f169_spi_debug\top.v:18)
[EFX-0201 WARNING] Re-wiring to GND non-driven net/port 'PAR_D[3]' in module 't20f169_spi_debug'. (C:\Users\Dimka\Documents\fixed_transform_codic\fpga\t20f169_spi_debug\top.v:19)
[EFX-0201 WARNING] Re-wiring to GND non-driven net/port 'PAR_D[2]' in module 't20f169_spi_debug'. (C:\Users\Dimka\Documents\fixed_transform_codic\fpga\t20f169_spi_debug\top.v:19)
[EFX-0201 WARNING] Re-wiring to GND non-driven net/port 'PAR_D[1]' in module 't20f169_spi_debug'. (C:\Users\Dimka\Documents\fixed_transform_codic\fpga\t20f169_spi_debug\top.v:19)
[EFX-0201 WARNING] Re-wiring to GND non-driven net/port 'PAR_D[0]' in module 't20f169_spi_debug'. (C:\Users\Dimka\Documents\fixed_transform_codic\fpga\t20f169_spi_debug\top.v:19)
[EFX-0201 WARNING] Re-wiring to GND non-driven net/port 'LED[5]' in module 't20f169_spi_debug'. (C:\Users\Dimka\Documents\fixed_transform_codic\fpga\t20f169_spi_debug\top.v:21)
[EFX-0201 WARNING] Re-wiring to GND non-driven net/port 'LED[4]' in module 't20f169_spi_debug'. (C:\Users\Dimka\Documents\fixed_transform_codic\fpga\t20f169_spi_debug\top.v:21)
[EFX-0201 WARNING] Re-wiring to GND non-driven net/port 'LED[3]' in module 't20f169_spi_debug'. (C:\Users\Dimka\Documents\fixed_transform_codic\fpga\t20f169_spi_debug\top.v:21)
[EFX-0000 INFO] ... Pre-synthesis checks end (Real time : 0s)
[EFX-0000 INFO] ... NameSpace init begin
[EFX-0000 INFO] ... NameSpace init end (Real time : 0s)
[EFX-0000 INFO] ... Mapping design "t20f169_spi_debug"
[EFX-0000 INFO] ... Hierarchical pre-synthesis "t20f169_spi_debug" begin
[EFX-0000 INFO] ... Hierarchical pre-synthesis "t20f169_spi_debug" end (Real time : 0s)
[EFX-0000 INFO] ... Flat optimizations begin
[EFX-0000 INFO] ... Flat optimizations end (Real time : 0s)
[EFX-0000 INFO] ... Flat synthesis begin
[EFX-0000 INFO] ... Flat synthesis end (Real time : 0s)
[EFX-0000 INFO] ... Flat optimizations begin
[EFX-0000 INFO] ... Flat optimizations end (Real time : 0s)
[EFX-0000 INFO] ... Check and break combinational loops begin
[EFX-0000 INFO] ... Check and break combinational loops end (Real time : 0s)
[EFX-0000 INFO] ... Sequential Optimization begin
[EFX-0000 INFO] ... Clock Network 'pll_150Mhz' with 26 loads will be considered for sequential optimization.
[EFX-0000 INFO] ... Sequential Optimization deduced 0 equivalent points.
[EFX-0000 INFO] ... Sequential Optimization end (Real time : 0s)
[EFX-0000 INFO] ... Setup for logic synthesis begin
[EFX-0000 INFO] ... Setup for logic synthesis end (Real time : 0s)
[EFX-0000 INFO] ... LUT mapping begin
[EFX-0000 INFO] ... LS, strategy: 3, nd: 0, ed: 0, lv: 1, pw: 40.42
[EFX-0000 INFO] ... LUT mapping end (Real time : 0s)
[EFX-0000 INFO] ... Post-synthesis Verific netlist creation begin
[EFX-0000 INFO] ... Post-synthesis Verific netlist creation end (Real time : 1s)
[EFX-0000 INFO] ... Postmap Retiming Optimization begin
[EFX-0000 INFO] ... Using advanced retiming technique.
[EFX-0000 INFO] ... Clock Network 'pll_150Mhz~pll_150Mhz' with 26 loads will be considered for retiming optimization.
[EFX-0000 INFO] ... Performed 0 retime moves.
[EFX-0000 INFO] ... Postmap Retiming Optimization end (Real time : 0s)
[EFX-0011 VERI-WARNING] Input/inout port CLK_48Mhz is unconnected. Place and route may remove this unconnected port. (VDB-8003) (C:\Users\Dimka\Documents\fixed_transform_codic\fpga\t20f169_spi_debug\top.v:5)
[EFX-0011 VERI-WARNING] Input/inout port pll_lock is unconnected. Place and route may remove this unconnected port. (VDB-8003) (C:\Users\Dimka\Documents\fixed_transform_codic\fpga\t20f169_spi_debug\top.v:8)
[EFX-0011 VERI-WARNING] Input/inout port pll_24Mhz is unconnected. Place and route may remove this unconnected port. (VDB-8003) (C:\Users\Dimka\Documents\fixed_transform_codic\fpga\t20f169_spi_debug\top.v:10)
[EFX-0011 VERI-WARNING] Input/inout port SPI_CLK is unconnected. Place and route may remove this unconnected port. (VDB-8003) (C:\Users\Dimka\Documents\fixed_transform_codic\fpga\t20f169_spi_debug\top.v:12)
[EFX-0011 VERI-WARNING] Input/inout port SPI_CS is unconnected. Place and route may remove this unconnected port. (VDB-8003) (C:\Users\Dimka\Documents\fixed_transform_codic\fpga\t20f169_spi_debug\top.v:13)
[EFX-0011 VERI-WARNING] Input/inout port SPI_MOSI is unconnected. Place and route may remove this unconnected port. (VDB-8003) (C:\Users\Dimka\Documents\fixed_transform_codic\fpga\t20f169_spi_debug\top.v:14)
[EFX-0011 VERI-WARNING] Input/inout port CSI_PCLK is unconnected. Place and route may remove this unconnected port. (VDB-8003) (C:\Users\Dimka\Documents\fixed_transform_codic\fpga\t20f169_spi_debug\top.v:25)
[EFX-0011 VERI-WARNING] Input/inout port CSI_VSYNC is unconnected. Place and route may remove this unconnected port. (VDB-8003) (C:\Users\Dimka\Documents\fixed_transform_codic\fpga\t20f169_spi_debug\top.v:26)
[EFX-0011 VERI-WARNING] Input/inout port CSI_HSYNC is unconnected. Place and route may remove this unconnected port. (VDB-8003) (C:\Users\Dimka\Documents\fixed_transform_codic\fpga\t20f169_spi_debug\top.v:27)
[EFX-0011 VERI-WARNING] Input/inout port CSI_D[7] is unconnected. Place and route may remove this unconnected port. (VDB-8003) (C:\Users\Dimka\Documents\fixed_transform_codic\fpga\t20f169_spi_debug\top.v:28)
[EFX-0011 VERI-WARNING] Found 17 warnings in the post-synthesis netlist. 
[EFX-0000 INFO] Resource Summary 
[EFX-0000 INFO] ======================================= 
[EFX-0000 INFO] EFX_ADD                 : 	24
[EFX-0000 INFO] EFX_FF                  : 	25
[EFX-0000 INFO] EFX_GBUFCE              : 	1
[EFX-0000 INFO] ======================================= 
[EFX-0000 INFO] ... Post-Map Verilog Writer begin
[EFX-0000 INFO] ... Post-Map Verilog Writer end (Real time : 0s)

///////////////////////////////////
// Efinity Synthesis Started 
// Aug 16, 2026 21:36:30
///////////////////////////////////

[EFX-0012 VERI-INFO] default VHDL library search path is now "C:/Efinity/2026.1/sim_models/vhdl/packages/vhdl_2008" (VHDL-1504) 
[EFX-0012 VERI-INFO] compiling module 't20f169_spi_debug' (VERI-1018) (C:\Users\Dimka\Documents\fixed_transform_codic\fpga\t20f169_spi_debug\top.v:3)
[EFX-0000 INFO] ... Setting Synthesis Option: mode=speed
[EFX-0000 INFO] ... Pre-synthesis checks begin
[EFX-0256 WARNING] The primary output port 'pll_reset' wire 'pll_reset' is not driven.
[EFX-0256 WARNING] The primary output port 'PAR_CS' wire 'PAR_CS' is not driven.
[EFX-0256 WARNING] The primary output port 'PAR_CLK' wire 'PAR_CLK' is not driven.
[EFX-0256 WARNING] The primary output port 'PAR_D[3]' wire 'PAR_D[3]' is not driven.
[EFX-0256 WARNING] The primary output port 'PAR_D[2]' wire 'PAR_D[2]' is not driven.
[EFX-0256 WARNING] The primary output port 'PAR_D[1]' wire 'PAR_D[1]' is not driven.
[EFX-0256 WARNING] The primary output port 'PAR_D[0]' wire 'PAR_D[0]' is not driven.
[EFX-0256 WARNING] The primary output port 'LED[5]' wire 'LED[5]' is not driven.
[EFX-0256 WARNING] The primary output port 'LED[4]' wire 'LED[4]' is not driven.
[EFX-0256 WARNING] The primary output port 'LED[3]' wire 'LED[3]' is not driven.
[EFX-0256 WARNING] The primary output port 'LED[2]' wire 'LED[2]' is not driven.
[EFX-0256 WARNING] The primary output port 'LED[1]' wire 'LED[1]' is not driven.
[EFX-0256 WARNING] The primary output port 'CSI_MCLK' wire 'CSI_MCLK' is not driven.
[EFX-0201 WARNING] Re-wiring to GND non-driven net/port 'pll_reset' in module 't20f169_spi_debug'. (C:\Users\Dimka\Documents\fixed_transform_codic\fpga\t20f169_spi_debug\top.v:7)
[EFX-0201 WARNING] Re-wiring to GND non-driven net/port 'PAR_CS' in module 't20f169_spi_debug'. (C:\Users\Dimka\Documents\fixed_transform_codic\fpga\t20f169_spi_debug\top.v:17)
[EFX-0201 WARNING] Re-wiring to GND non-driven net/port 'PAR_CLK' in module 't20f169_spi_debug'. (C:\Users\Dimka\Documents\fixed_transform_codic\fpga\t20f169_spi_debug\top.v:18)
[EFX-0201 WARNING] Re-wiring to GND non-driven net/port 'PAR_D[3]' in module 't20f169_spi_debug'. (C:\Users\Dimka\Documents\fixed_transform_codic\fpga\t20f169_spi_debug\top.v:19)
[EFX-0201 WARNING] Re-wiring to GND non-driven net/port 'PAR_D[2]' in module 't20f169_spi_debug'. (C:\Users\Dimka\Documents\fixed_transform_codic\fpga\t20f169_spi_debug\top.v:19)
[EFX-0201 WARNING] Re-wiring to GND non-driven net/port 'PAR_D[1]' in module 't20f169_spi_debug'. (C:\Users\Dimka\Documents\fixed_transform_codic\fpga\t20f169_spi_debug\top.v:19)
[EFX-0201 WARNING] Re-wiring to GND non-driven net/port 'PAR_D[0]' in module 't20f169_spi_debug'. (C:\Users\Dimka\Documents\fixed_transform_codic\fpga\t20f169_spi_debug\top.v:19)
[EFX-0201 WARNING] Re-wiring to GND non-driven net/port 'LED[5]' in module 't20f169_spi_debug'. (C:\Users\Dimka\Documents\fixed_transform_codic\fpga\t20f169_spi_debug\top.v:21)
[EFX-0201 WARNING] Re-wiring to GND non-driven net/port 'LED[4]' in module 't20f169_spi_debug'. (C:\Users\Dimka\Documents\fixed_transform_codic\fpga\t20f169_spi_debug\top.v:21)
[EFX-0201 WARNING] Re-wiring to GND non-driven net/port 'LED[3]' in module 't20f169_spi_debug'. (C:\Users\Dimka\Documents\fixed_transform_codic\fpga\t20f169_spi_debug\top.v:21)
[EFX-0000 INFO] ... Pre-synthesis checks end (Real time : 0s)
[EFX-0000 INFO] ... NameSpace init begin
[EFX-0000 INFO] ... NameSpace init end (Real time : 0s)
[EFX-0000 INFO] ... Mapping design "t20f169_spi_debug"
[EFX-0000 INFO] ... Hierarchical pre-synthesis "t20f169_spi_debug" begin
[EFX-0000 INFO] ... Hierarchical pre-synthesis "t20f169_spi_debug" end (Real time : 0s)
[EFX-0000 INFO] ... Flat optimizations begin
[EFX-0000 INFO] ... Flat optimizations end (Real time : 0s)
[EFX-0000 INFO] ... Flat synthesis begin
[EFX-0000 INFO] ... Flat synthesis end (Real time : 0s)
[EFX-0000 INFO] ... Flat optimizations begin
[EFX-0000 INFO] ... Flat optimizations end (Real time : 0s)
[EFX-0000 INFO] ... Check and break combinational loops begin
[EFX-0000 INFO] ... Check and break combinational loops end (Real time : 0s)
[EFX-0000 INFO] ... Sequential Optimization begin
[EFX-0000 INFO] ... Clock Network 'pll_150Mhz' with 26 loads will be considered for sequential optimization.
[EFX-0000 INFO] ... Sequential Optimization deduced 0 equivalent points.
[EFX-0000 INFO] ... Sequential Optimization end (Real time : 0s)
[EFX-0000 INFO] ... Setup for logic synthesis begin
[EFX-0000 INFO] ... Setup for logic synthesis end (Real time : 0s)
[EFX-0000 INFO] ... LUT mapping begin
[EFX-0000 INFO] ... LS, strategy: 3, nd: 0, ed: 0, lv: 1, pw: 40.42
[EFX-0000 INFO] ... LUT mapping end (Real time : 0s)
[EFX-0000 INFO] ... Post-synthesis Verific netlist creation begin
[EFX-0000 INFO] ... Post-synthesis Verific netlist creation end (Real time : 0s)
[EFX-0000 INFO] ... Postmap Retiming Optimization begin
[EFX-0000 INFO] ... Using advanced retiming technique.
[EFX-0000 INFO] ... Clock Network 'pll_150Mhz~pll_150Mhz' with 26 loads will be considered for retiming optimization.
[EFX-0000 INFO] ... Performed 0 retime moves.
[EFX-0000 INFO] ... Postmap Retiming Optimization end (Real time : 0s)
[EFX-0011 VERI-WARNING] Input/inout port CLK_48Mhz is unconnected. Place and route may remove this unconnected port. (VDB-8003) (C:\Users\Dimka\Documents\fixed_transform_codic\fpga\t20f169_spi_debug\top.v:5)
[EFX-0011 VERI-WARNING] Input/inout port pll_lock is unconnected. Place and route may remove this unconnected port. (VDB-8003) (C:\Users\Dimka\Documents\fixed_transform_codic\fpga\t20f169_spi_debug\top.v:8)
[EFX-0011 VERI-WARNING] Input/inout port pll_24Mhz is unconnected. Place and route may remove this unconnected port. (VDB-8003) (C:\Users\Dimka\Documents\fixed_transform_codic\fpga\t20f169_spi_debug\top.v:10)
[EFX-0011 VERI-WARNING] Input/inout port SPI_CLK is unconnected. Place and route may remove this unconnected port. (VDB-8003) (C:\Users\Dimka\Documents\fixed_transform_codic\fpga\t20f169_spi_debug\top.v:12)
[EFX-0011 VERI-WARNING] Input/inout port SPI_CS is unconnected. Place and route may remove this unconnected port. (VDB-8003) (C:\Users\Dimka\Documents\fixed_transform_codic\fpga\t20f169_spi_debug\top.v:13)
[EFX-0011 VERI-WARNING] Input/inout port SPI_MOSI is unconnected. Place and route may remove this unconnected port. (VDB-8003) (C:\Users\Dimka\Documents\fixed_transform_codic\fpga\t20f169_spi_debug\top.v:14)
[EFX-0011 VERI-WARNING] Input/inout port CSI_PCLK is unconnected. Place and route may remove this unconnected port. (VDB-8003) (C:\Users\Dimka\Documents\fixed_transform_codic\fpga\t20f169_spi_debug\top.v:25)
[EFX-0011 VERI-WARNING] Input/inout port CSI_VSYNC is unconnected. Place and route may remove this unconnected port. (VDB-8003) (C:\Users\Dimka\Documents\fixed_transform_codic\fpga\t20f169_spi_debug\top.v:26)
[EFX-0011 VERI-WARNING] Input/inout port CSI_HSYNC is unconnected. Place and route may remove this unconnected port. (VDB-8003) (C:\Users\Dimka\Documents\fixed_transform_codic\fpga\t20f169_spi_debug\top.v:27)
[EFX-0011 VERI-WARNING] Input/inout port CSI_D[7] is unconnected. Place and route may remove this unconnected port. (VDB-8003) (C:\Users\Dimka\Documents\fixed_transform_codic\fpga\t20f169_spi_debug\top.v:28)
[EFX-0011 VERI-WARNING] Found 17 warnings in the post-synthesis netlist. 
[EFX-0000 INFO] Resource Summary 
[EFX-0000 INFO] ======================================= 
[EFX-0000 INFO] EFX_ADD                 : 	24
[EFX-0000 INFO] EFX_FF                  : 	25
[EFX-0000 INFO] EFX_GBUFCE              : 	1
[EFX-0000 INFO] ======================================= 
[EFX-0000 INFO] ... Post-Map Verilog Writer begin
[EFX-0000 INFO] ... Post-Map Verilog Writer end (Real time : 0s)
