Efinity Synthesis report for project t20f169_spi_debug
Version: 2026.1.132
Generated at: Aug 16, 2026 21:36:30
Copyright (C) 2013 - 2026  All rights reserved.

Top-level Entity Name : t20f169_spi_debug

family : Trion
device : T20F169
project : t20f169_spi_debug
root : t20f169_spi_debug
I,include : C:/Users/Dimka/Documents/fixed_transform_codic/fpga/t20f169_spi_debug
binary-db : C:/Users/Dimka/Documents/fixed_transform_codic/fpga/t20f169_spi_debug/outflow/t20f169_spi_debug.vdb
insert-ios : 0
max-carry-cascade : 240
max_mult : -1
max_ram : -1
mode : speed
output-dir : C:/Users/Dimka/Documents/fixed_transform_codic/fpga/t20f169_spi_debug/outflow
proj_curr_path : C:\Users\Dimka\Documents\fixed_transform_codic\fpga\t20f169_spi_debug
project : t20f169_spi_debug
project-xml : C:\Users\Dimka\Documents\fixed_transform_codic\fpga\t20f169_spi_debug\t20f169_spi_debug.xml
root : t20f169_spi_debug
work-dir : C:/Users/Dimka/Documents/fixed_transform_codic/fpga/t20f169_spi_debug/work_syn
write-efx-verilog : C:/Users/Dimka/Documents/fixed_transform_codic/fpga/t20f169_spi_debug/outflow/t20f169_spi_debug.map.v
write-premap-module : C:/Users/Dimka/Documents/fixed_transform_codic/fpga/t20f169_spi_debug/outflow/t20f169_spi_debug.elab.vdb

File List:

C:\Users\Dimka\Documents\fixed_transform_codic\fpga\t20f169_spi_debug\top.v

### ### Report Section Start ### ###


### ### EFX_FF CE enables (begin) ### ### ###

Total number of enable signals: 0
Total number of FFs with enable signals: 0

### ### EFX_FF CE enables (end) ### ### ###

### ### EFX_FF SR set/reset (begin) ### ### ###

Total number of set/reset signals: 0
Total number of FFs with set/reset signals: 0

### ### EFX_FF SR set/reset (end) ### ### ###

### ### Module Resource Usage Distribution Estimates (begin) ### ###

**Note: some resources maybe grouped under different hierarchy due to optimization and LUT mapping

Module                                      FFs      ADDs      LUTs      RAMs DSP/MULTs
-------------------------------------       ---      ----      ----      ---- ---------
t20f169_spi_debug:t20f169_spi_debug      25(25)    24(24)      0(0)      0(0)      0(0)

### ### Module Resource Usage Distribution Estimates (end) ### ###


### ### DSP Usage Report (begin) ### ### ### 

 No DSP in design

### ### Clock Load Distribution Report (begin) ### ###

+----------+----------+------------+----------------+
|Clock     |Flip-Flops|Memory Ports|Multipliers/DSPs|
+----------+----------+------------+----------------+
|pll_150Mhz|       25 |          0 |              0 |
+----------+----------+------------+----------------+

### ### Clock Load Distribution Report (end) ### ###

### ### Resource Summary (begin) ### ### ### 

INPUT  PORTS    : 	18
OUTPUT PORTS    : 	15

EFX_ADD                 : 	24
EFX_FF                  : 	25
EFX_GBUFCE              : 	1
### ### Resource Summary (end) ### ### ###

Plain synthesis (without verilog dump and post-map checks) time : 0s
Elapsed synthesis time : 0s
